2021-05-24 19:19:48,237  INFO [main] LoginTest:36 - validating title of login page 
2021-05-27 11:51:10,610  INFO [main] LoginTest:36 - validating title of login page 
2021-05-27 12:39:52,044  INFO [main] LoginTest:38 - validating title of login page 
2021-05-27 13:41:32,140  INFO [main] LoginTest:38 - validating title of login page 
2021-05-27 13:43:55,318  INFO [main] LoginTest:38 - validating title of login page 
2021-05-27 13:46:10,643  INFO [main] LoginTest:38 - validating title of login page 
